[ark_11] Turn in 3 Electric Items :: no item match for `Electric`
[ark_11] Turn in 2 Batteries :: no item match for `Batteries`
[ark_13] Turn in 3 intel items :: no item match for `intel`
[ark_21] Turn in ARK Floppydisk :: no item match for `ARK Floppydisk`
[ark_23] Turn in Tommy's Baseball Cam :: no item match for `Tommy's Baseball Cam`
[ark_3] Turn in 9 Intel Items Found In Raid :: no item match for `Intel`
[ark_4] Turn in Intel Phone :: no item match for `Intel Phone`
[forge_1] Turn in Maximillian's Golden Goblet :: no item match for `Maximillian's Golden Goblet`
[forge_14] Turn in 3 Cameras :: no item match for `Cameras`
[forge_15] Turn in Golden Ingots :: no item match for `Golden Ingots`
[forge_17] Turn in 4 combustible items :: no item match for `combustible`
[forge_23] Turn in 'Showdown' Cart :: no item match for `Showdown' Cart`
[forge_23] Turn in 'Contractors' Cart :: no item match for `Contractors' Cart`
[forge_23] Turn in 'Exfilzone' Cart :: no item match for `Exfilzone' Cart`
[forge_25] Turn in Maximilian's Golden Ingots :: no item match for `Maximilian's Golden Ingots`
[forge_27] Turn in Game Disk :: no item match for `Game Disk`
[forge_28] Turn in Missile Launcher Case :: no item match for `Missile Launcher Case`
[forge_32] Turn in Contractors Game Disc :: no item match for `Contractors Game Disc`
[forge_32] Turn in ShowDown Game Disc :: no item match for `ShowDown Game Disc`
[forge_32] Turn in Contractors Game Disc Collector's Edition :: no item match for `Contractors Game Disc Collector's Edition`
[forge_32] Turn in ShowDown Game Disc Collector's Edition :: no item match for `ShowDown Game Disc Collector's Edition`
[forge_7] Turn in both Antique Tea Plates :: no item match for `both Antique Tea Plates`
[ntg_1] Turn in 3 household items found in raid :: no item match for `household`
[ntg_13] Submit 6 coffee drinks :: no item match for `coffee drinks`
[ntg_2] Turn in Maggie's Precious Camera :: no item match for `Maggie's Precious Camera`
[ntg_22] Turn in Found In Hospital 2F key :: no item match for `Found In Hospital 2F key`
[ntg_22] Turn in hotel 208 Key :: no item match for `hotel 208 Key`
[ntg_23] Turn in motel 206 Key :: no item match for `motel 206 Key`
[ntg_23] Turn in motel 201 Key :: no item match for `motel 201 Key`
[ntg_24] Turn in East Dam Inlet Key :: no item match for `East Dam Inlet Key`
[ntg_24] Turn in West Dam Inlet Key :: no item match for `West Dam Inlet Key`
[ntg_27] Turn in 3 Vehicle Battery :: no item match for `Vehicle Battery`
[ntg_31] Turn in Armory key :: no item match for `Armory key`
[ntg_32] Turn in 3 medical reports :: no item match for `medical reports`
[ntg_5] Turn in Maggie's Radio :: no item match for `Maggie's Radio`
[ntg_6] Turn in 4 Medical Supplies found in raid :: no item match for `Medical Supplies`
[ntg_9] Turn in Maggie's herb :: no item match for `Maggie's herb`
[ntg_9] Turn in 1 asthma med :: no item match for `asthma med`
[ntg_9] Turn in 1 aspirin box :: no item match for `aspirin box`
[ntg_9] Turn in 1 bottle of glucose :: no item match for `bottle of glucose`
[regiment_10] Turn in Igor's notes :: no item match for `Igor's notes`
[regiment_15] Turn in 1 flashlight :: no item match for `flashlight`
[regiment_15] Turn in 3 size D battery (round) :: no item match for `size D battery (round)`
[regiment_16] Submit 5 can of peas :: no item match for `can of peas`
[regiment_18] Turn in both CDs :: no item match for `both CDs`
[regiment_20] Turn in 2 AKM metal 30-round magazines :: no item match for `AKM metal 30-round magazines`
[regiment_20] Turn in 2 G3 30-round magazines. :: no item match for `G3 30-round magazines.`
[regiment_28] Turn in both CDs :: no item match for `both CDs`
[regiment_4] Turn in Igor's Sunglasses :: no item match for `Igor's Sunglasses`
[regiment_5] Turn in M92 Found In Raid :: no item match for `M92`
[regiment_5] Turn in M1928 Found In Raid :: no item match for `M1928`
[regiment_6] Turn in AKS74U Found In Raid :: no item match for `AKS74U`
[regiment_7] Turn in M67 Found In Raid :: no item match for `M67`
[regiment_7] Turn in F1 Found In Raid :: no item match for `F1`
[regiment_7] Turn in RGD-5 Found In Raid :: no item match for `RGD-5`
[trupiks_14] Turn in 5 Cleanser :: no item match for `Cleanser`
[trupiks_14] Turn in 5 Cleaner :: no item match for `Cleaner`
[trupiks_16] Turn in 5 Antiquarian Book :: no item match for `Antiquarian Book`
[trupiks_16] Turn in 5 Floppy Disc :: no item match for `Floppy Disc`
[trupiks_17] Turn in 5 WD40 :: no item match for `WD40`
[trupiks_2] Turn in combustible items found in raid :: no item match for `combustible`
[trupiks_4] Turn in Johnny's drill :: no item match for `Johnny's drill`
[trupiks_5] Find Johnny's FamilyTapeTurn in Johnny's FamilyTape :: regex did not match
[trupiks_6] Turn in 5 electrical items found in raid :: no item match for `electrical`
[trupiks_8] Turn in Find Jonny's safebox :: no item match for `Find Jonny's safebox`